======================================================================
ESCENARIO 1: Colapsar -> Expandir (sin drag)
======================================================================
  [inicial]
    geometry      : PySide6.QtCore.QRect(5350, 155, 410, 722)
    frameGeometry : PySide6.QtCore.QRect(5350, 155, 410, 722)
    isVisible     : True
    isHidden      : False
    size          : PySide6.QtCore.QSize(410, 722)
    main_panel.vis: True
    screen        : PySide6.QtCore.QRect(3840, 0, 1920, 1032)
    on_screen     : True
  [tras 1er click (colapsado)]
    geometry      : PySide6.QtCore.QRect(5730, 155, 410, 722)
    frameGeometry : PySide6.QtCore.QRect(5730, 155, 410, 722)
    isVisible     : True
    isHidden      : False
    size          : PySide6.QtCore.QSize(410, 722)
    main_panel.vis: False
    screen        : PySide6.QtCore.QRect(3840, 0, 1920, 1032)
    on_screen     : False
  [tras 2do click (expandido)]
    geometry      : PySide6.QtCore.QRect(5350, 155, 410, 722)
    frameGeometry : PySide6.QtCore.QRect(5350, 155, 410, 722)
    isVisible     : True
    isHidden      : False
    size          : PySide6.QtCore.QSize(410, 722)
    main_panel.vis: True
    screen        : PySide6.QtCore.QRect(3840, 0, 1920, 1032)
    on_screen     : True

======================================================================
ESCENARIO 2: Arrastrar a la izquierda -> Colapsar -> Expandir
======================================================================
  [tras drag a (100,200)]
    geometry      : PySide6.QtCore.QRect(100, 200, 410, 722)
    frameGeometry : PySide6.QtCore.QRect(100, 200, 410, 722)
    isVisible     : True
    isHidden      : False
    size          : PySide6.QtCore.QSize(410, 722)
    main_panel.vis: True
    screen        : PySide6.QtCore.QRect(0, 0, 2560, 1392)
    on_screen     : True
  [tras colapsar]
    geometry      : PySide6.QtCore.QRect(3795, 314, 615, 1461)
    frameGeometry : PySide6.QtCore.QRect(3795, 314, 615, 1461)
    isVisible     : True
    isHidden      : False
    size          : PySide6.QtCore.QSize(615, 1461)
    main_panel.vis: False
    screen        : PySide6.QtCore.QRect(3840, 0, 1920, 1032)
    on_screen     : False
  [tras expandir]
    geometry      : PySide6.QtCore.QRect(5350, 155, 410, 722)
    frameGeometry : PySide6.QtCore.QRect(5350, 155, 410, 722)
    isVisible     : True
    isHidden      : False
    size          : PySide6.QtCore.QSize(410, 722)
    main_panel.vis: True
    screen        : PySide6.QtCore.QRect(3840, 0, 1920, 1032)
    on_screen     : True

======================================================================
ESCENARIO 3: Arrastrar abajo -> Colapsar -> Expandir
======================================================================
  [tras drag a (500,800)]
    geometry      : PySide6.QtCore.QRect(500, 800, 410, 722)
    frameGeometry : PySide6.QtCore.QRect(500, 800, 410, 722)
    isVisible     : True
    isHidden      : False
    size          : PySide6.QtCore.QSize(410, 722)
    main_panel.vis: True
    screen        : PySide6.QtCore.QRect(0, 0, 2560, 1392)
    on_screen     : False
  [tras colapsar]
    geometry      : PySide6.QtCore.QRect(3795, 314, 615, 1461)
    frameGeometry : PySide6.QtCore.QRect(3795, 314, 615, 1461)
    isVisible     : True
    isHidden      : False
    size          : PySide6.QtCore.QSize(615, 1461)
    main_panel.vis: False
    screen        : PySide6.QtCore.QRect(3840, 0, 1920, 1032)
    on_screen     : False
  [tras expandir]
    geometry      : PySide6.QtCore.QRect(5350, 155, 410, 722)
    frameGeometry : PySide6.QtCore.QRect(5350, 155, 410, 722)
    isVisible     : True
    isHidden      : False
    size          : PySide6.QtCore.QSize(410, 722)
    main_panel.vis: True
    screen        : PySide6.QtCore.QRect(3840, 0, 1920, 1032)
    on_screen     : True

======================================================================
ESCENARIO 4: Clicks rßpidos (durante animaci¾n)
======================================================================
  [inicio]
    geometry      : PySide6.QtCore.QRect(1500, 200, 410, 722)
    frameGeometry : PySide6.QtCore.QRect(1500, 200, 410, 722)
    isVisible     : True
    isHidden      : False
    size          : PySide6.QtCore.QSize(410, 722)
    main_panel.vis: True
    screen        : PySide6.QtCore.QRect(0, 0, 2560, 1392)
    on_screen     : True
  -> click 2 durante animacion 1
  [tras clicks rapidos]
    geometry      : PySide6.QtCore.QRect(2150, 209, 410, 974)
    frameGeometry : PySide6.QtCore.QRect(2150, 209, 410, 974)
    isVisible     : True
    isHidden      : False
    size          : PySide6.QtCore.QSize(410, 974)
    main_panel.vis: True
    screen        : PySide6.QtCore.QRect(0, 0, 2560, 1392)
    on_screen     : True

======================================================================
ESCENARIO 5: Colapsar -> Drag -> Expandir
======================================================================
  [colapsado]
    geometry      : PySide6.QtCore.QRect(3795, 314, 410, 974)
    frameGeometry : PySide6.QtCore.QRect(3795, 314, 410, 974)
    isVisible     : True
    isHidden      : False
    size          : PySide6.QtCore.QSize(410, 974)
    main_panel.vis: False
    screen        : PySide6.QtCore.QRect(3840, 0, 1920, 1032)
    on_screen     : False
  [tras drag en estado colapsado]
    geometry      : PySide6.QtCore.QRect(100, 100, 615, 1461)
    frameGeometry : PySide6.QtCore.QRect(100, 100, 615, 1461)
    isVisible     : True
    isHidden      : False
    size          : PySide6.QtCore.QSize(615, 1461)
    main_panel.vis: False
    screen        : PySide6.QtCore.QRect(0, 0, 2560, 1392)
    on_screen     : False
  [tras expandir]
    geometry      : PySide6.QtCore.QRect(2150, 209, 410, 974)
    frameGeometry : PySide6.QtCore.QRect(2150, 209, 410, 974)
    isVisible     : True
    isHidden      : False
    size          : PySide6.QtCore.QSize(410, 974)
    main_panel.vis: True
    screen        : PySide6.QtCore.QRect(0, 0, 2560, 1392)
    on_screen     : True
